PS C:\Users\marku> mysql -u root
Welcome to the MariaDB monitor.  Commands end with ; or \g.
Your MariaDB connection id is 8
Server version: 10.4.24-MariaDB mariadb.org binary distribution

Copyright (c) 2000, 2018, Oracle, MariaDB Corporation Ab and others.

Type 'help;' or '\h' for help. Type '\c' to clear the current input statement.

MariaDB [(none)]> CREATE USER 'snake'@'localhost' IDENTIFIED WITH authentication_plugin BY 'password';
ERROR 1064 (42000): You have an error in your SQL syntax; check the manual that corresponds to your MariaDB server version for the right syntax to use near 'BY 'password'' at line 1
MariaDB [(none)]> CREATE USER 'snake'@'localhost' IDENTIFIED BY 'python';
Query OK, 0 rows affected (0.008 sec)

MariaDB [(none)]> CREATE DATABASE snake;
Query OK, 1 row affected (0.003 sec)

MariaDB [(none)]> GRANT PRIVILEGE ON snake TO 'snake'@'localhost';
ERROR 1064 (42000): You have an error in your SQL syntax; check the manual that corresponds to your MariaDB server version for the right syntax to use near 'ON snake TO 'snake'@'localhost'' at line 1
MariaDB [(none)]> GRANT PRIVILEGE ON snake TO snake@localhost;
ERROR 1064 (42000): You have an error in your SQL syntax; check the manual that corresponds to your MariaDB server version for the right syntax to use near 'ON snake TO snake@localhost' at line 1
MariaDB [(none)]> USE snake;
Database changed
MariaDB [snake]> CREATE TABLE users;
ERROR 1113 (42000): A table must have at least 1 column
MariaDB [snake]> CREATE TABLE users (id INT NOT NULL, PRIMARY KEY (id));
Query OK, 0 rows affected (0.022 sec)

MariaDB [snake]> ALTER TABLE users MODIFY COLUMN id INT NOT NULL AUTO_INCREMENT;
Query OK, 0 rows affected (0.059 sec)
Records: 0  Duplicates: 0  Warnings: 0

MariaDB [snake]> SHOW TABLES;
+-----------------+
| Tables_in_snake |
+-----------------+
| users           |
+-----------------+
1 row in set (0.007 sec)

MariaDB [snake]> SELECT * FROM users;
Empty set (0.013 sec)

MariaDB [snake]> GRANT PRIVILIGE ON snake.users TO 'snake'@'localhost';
ERROR 1064 (42000): You have an error in your SQL syntax; check the manual that corresponds to your MariaDB server version for the right syntax to use near 'ON snake.users TO 'snake'@'localhost'' at line 1
MariaDB [snake]> GRANT * ON snake TO 'snake'@'localhost';
ERROR 1064 (42000): You have an error in your SQL syntax; check the manual that corresponds to your MariaDB server version for the right syntax to use near '* ON snake TO 'snake'@'localhost'' at line 1
MariaDB [snake]> GRANT * ON snake.users TO 'snake'@'localhost';
ERROR 1064 (42000): You have an error in your SQL syntax; check the manual that corresponds to your MariaDB server version for the right syntax to use near '* ON snake.users TO 'snake'@'localhost'' at line 1
MariaDB [snake]> GRANT ALL PRIVILEGES ON snake TO 'snake'@'localhost';
Query OK, 0 rows affected (0.003 sec)

MariaDB [snake]> GRANT ALL PRIVILEGES ON snake.users TO 'snake'@'localhost';
Query OK, 0 rows affected (0.003 sec)

MariaDB [snake]> CREATE TABLE test (testid INT);
Query OK, 0 rows affected (0.016 sec)

MariaDB [snake]> GRANT ALL PRIVILEGES ON snake.test TO 'snake'@'localhost';
Query OK, 0 rows affected (0.002 sec)

MariaDB [snake]>


PS C:\Users\marku> mysql -u snake -p
Enter password: ******
Welcome to the MariaDB monitor.  Commands end with ; or \g.
Your MariaDB connection id is 9
Server version: 10.4.24-MariaDB mariadb.org binary distribution

Copyright (c) 2000, 2018, Oracle, MariaDB Corporation Ab and others.

Type 'help;' or '\h' for help. Type '\c' to clear the current input statement.

MariaDB [(none)]> SHOW DATABASES;
+--------------------+
| Database           |
+--------------------+
| information_schema |
| snake              |
| test               |
+--------------------+
3 rows in set (0.006 sec)

MariaDB [(none)]> USE snake;
Database changed
MariaDB [snake]> SHOW TABLES;
Empty set (0.001 sec)

MariaDB [snake]> SELECT * FROM users;
ERROR 1142 (42000): SELECT command denied to user 'snake'@'localhost' for table 'users'
MariaDB [snake]> SELECT * FROM users;
Empty set (0.000 sec)

MariaDB [snake]> SHOW TABLES;
+-----------------+
| Tables_in_snake |
+-----------------+
| users           |
+-----------------+
1 row in set (0.000 sec)

MariaDB [snake]> CREATE TABLE test (testid INT);
ERROR 1142 (42000): CREATE command denied to user 'snake'@'localhost' for table 'test'
MariaDB [snake]> SELECT * FROM test;
ERROR 1142 (42000): SELECT command denied to user 'snake'@'localhost' for table 'test'
MariaDB [snake]> SELECT * FROM test;
Empty set (0.002 sec)

MariaDB [snake]> INSERT INTO test (testid) VALUES (1);
Query OK, 1 row affected (0.005 sec)

MariaDB [snake]> INSERT INTO test (testid) VALUES (2);
Query OK, 1 row affected (0.002 sec)

MariaDB [snake]> SELECT * FROM test;
+--------+
| testid |
+--------+
|      1 |
|      2 |
+--------+
2 rows in set (0.000 sec)

MariaDB [snake]>